1703969827.874300 client started (171290): version 3.0a, socket /tmp//tmux-1000/default, protocol 8
1703969827.874320 on Linux 5.15.0-91-generic #101~20.04.1-Ubuntu SMP Thu Nov 16 14:22:28 UTC 2023; libevent 2.1.11-stable (poll)
1703969827.874329 socket is /tmp//tmux-1000/default
1703969827.874340 trying connect
1703969827.874385 add peer 0x55fc86d9ee70: 6 ((nil))
1703969827.874445 sending message 100 to peer 0x55fc86d9ee70 (4 bytes)
1703969827.874450 sending message 101 to peer 0x55fc86d9ee70 (14 bytes)
1703969827.874453 sending message 102 to peer 0x55fc86d9ee70 (11 bytes)
1703969827.874455 sending message 108 to peer 0x55fc86d9ee70 (22 bytes)
1703969827.874458 sending message 104 to peer 0x55fc86d9ee70 (0 bytes)
1703969827.874461 sending message 107 to peer 0x55fc86d9ee70 (4 bytes)
1703969827.874463 sending message 105 to peer 0x55fc86d9ee70 (23 bytes)
1703969827.874466 sending message 105 to peer 0x55fc86d9ee70 (20 bytes)
1703969827.874468 sending message 105 to peer 0x55fc86d9ee70 (54 bytes)
1703969827.874471 sending message 105 to peer 0x55fc86d9ee70 (42 bytes)
1703969827.874473 sending message 105 to peer 0x55fc86d9ee70 (19 bytes)
1703969827.874476 sending message 105 to peer 0x55fc86d9ee70 (11 bytes)
1703969827.874478 sending message 105 to peer 0x55fc86d9ee70 (14 bytes)
1703969827.874481 sending message 105 to peer 0x55fc86d9ee70 (52 bytes)
1703969827.874490 sending message 105 to peer 0x55fc86d9ee70 (19 bytes)
1703969827.874495 sending message 105 to peer 0x55fc86d9ee70 (28 bytes)
1703969827.874498 sending message 105 to peer 0x55fc86d9ee70 (18 bytes)
1703969827.874500 sending message 105 to peer 0x55fc86d9ee70 (41 bytes)
1703969827.874503 sending message 105 to peer 0x55fc86d9ee70 (36 bytes)
1703969827.874505 sending message 105 to peer 0x55fc86d9ee70 (37 bytes)
1703969827.874507 sending message 105 to peer 0x55fc86d9ee70 (38 bytes)
1703969827.874510 sending message 105 to peer 0x55fc86d9ee70 (18 bytes)
1703969827.874512 sending message 105 to peer 0x55fc86d9ee70 (17 bytes)
1703969827.874515 sending message 105 to peer 0x55fc86d9ee70 (18 bytes)
1703969827.874517 sending message 105 to peer 0x55fc86d9ee70 (23 bytes)
1703969827.874519 sending message 105 to peer 0x55fc86d9ee70 (30 bytes)
1703969827.874522 sending message 105 to peer 0x55fc86d9ee70 (27 bytes)
1703969827.874524 sending message 105 to peer 0x55fc86d9ee70 (24 bytes)
1703969827.874527 sending message 105 to peer 0x55fc86d9ee70 (20 bytes)
1703969827.874529 sending message 105 to peer 0x55fc86d9ee70 (23 bytes)
1703969827.874531 sending message 105 to peer 0x55fc86d9ee70 (21 bytes)
1703969827.874534 sending message 105 to peer 0x55fc86d9ee70 (25 bytes)
1703969827.874536 sending message 105 to peer 0x55fc86d9ee70 (20 bytes)
1703969827.874538 sending message 105 to peer 0x55fc86d9ee70 (15 bytes)
1703969827.874541 sending message 105 to peer 0x55fc86d9ee70 (146 bytes)
1703969827.874544 sending message 105 to peer 0x55fc86d9ee70 (13 bytes)
1703969827.874546 sending message 105 to peer 0x55fc86d9ee70 (779 bytes)
1703969827.874549 sending message 105 to peer 0x55fc86d9ee70 (26 bytes)
1703969827.874551 sending message 105 to peer 0x55fc86d9ee70 (19 bytes)
1703969827.874553 sending message 105 to peer 0x55fc86d9ee70 (19 bytes)
1703969827.874556 sending message 105 to peer 0x55fc86d9ee70 (18 bytes)
1703969827.874559 sending message 105 to peer 0x55fc86d9ee70 (15 bytes)
1703969827.874561 sending message 105 to peer 0x55fc86d9ee70 (8 bytes)
1703969827.874564 sending message 105 to peer 0x55fc86d9ee70 (19 bytes)
1703969827.874566 sending message 105 to peer 0x55fc86d9ee70 (47 bytes)
1703969827.874568 sending message 105 to peer 0x55fc86d9ee70 (19 bytes)
1703969827.874571 sending message 105 to peer 0x55fc86d9ee70 (36 bytes)
1703969827.874573 sending message 105 to peer 0x55fc86d9ee70 (14 bytes)
1703969827.874575 sending message 105 to peer 0x55fc86d9ee70 (53 bytes)
1703969827.874578 sending message 105 to peer 0x55fc86d9ee70 (12 bytes)
1703969827.874580 sending message 105 to peer 0x55fc86d9ee70 (16 bytes)
1703969827.874583 sending message 105 to peer 0x55fc86d9ee70 (18 bytes)
1703969827.874590 sending message 105 to peer 0x55fc86d9ee70 (13 bytes)
1703969827.874592 sending message 105 to peer 0x55fc86d9ee70 (41 bytes)
1703969827.874595 sending message 105 to peer 0x55fc86d9ee70 (41 bytes)
1703969827.874597 sending message 105 to peer 0x55fc86d9ee70 (23 bytes)
1703969827.874599 sending message 105 to peer 0x55fc86d9ee70 (160 bytes)
1703969827.874602 sending message 105 to peer 0x55fc86d9ee70 (31 bytes)
1703969827.874604 sending message 105 to peer 0x55fc86d9ee70 (15 bytes)
1703969827.874607 sending message 105 to peer 0x55fc86d9ee70 (23 bytes)
1703969827.874609 sending message 105 to peer 0x55fc86d9ee70 (23 bytes)
1703969827.874611 sending message 105 to peer 0x55fc86d9ee70 (17 bytes)
1703969827.874614 sending message 105 to peer 0x55fc86d9ee70 (21 bytes)
1703969827.874616 sending message 105 to peer 0x55fc86d9ee70 (11 bytes)
1703969827.874619 sending message 105 to peer 0x55fc86d9ee70 (20 bytes)
1703969827.874621 sending message 105 to peer 0x55fc86d9ee70 (16 bytes)
1703969827.874623 sending message 105 to peer 0x55fc86d9ee70 (29 bytes)
1703969827.874626 sending message 105 to peer 0x55fc86d9ee70 (43 bytes)
1703969827.874628 sending message 105 to peer 0x55fc86d9ee70 (50 bytes)
1703969827.874631 sending message 105 to peer 0x55fc86d9ee70 (56 bytes)
1703969827.874633 sending message 105 to peer 0x55fc86d9ee70 (48 bytes)
1703969827.874636 sending message 105 to peer 0x55fc86d9ee70 (28 bytes)
1703969827.874638 sending message 105 to peer 0x55fc86d9ee70 (11 bytes)
1703969827.874641 sending message 105 to peer 0x55fc86d9ee70 (8 bytes)
1703969827.874643 sending message 105 to peer 0x55fc86d9ee70 (32 bytes)
1703969827.874646 sending message 105 to peer 0x55fc86d9ee70 (1506 bytes)
1703969827.874651 sending message 105 to peer 0x55fc86d9ee70 (57 bytes)
1703969827.874654 sending message 105 to peer 0x55fc86d9ee70 (25 bytes)
1703969827.874656 sending message 105 to peer 0x55fc86d9ee70 (70 bytes)
1703969827.874659 sending message 105 to peer 0x55fc86d9ee70 (26 bytes)
1703969827.874661 sending message 105 to peer 0x55fc86d9ee70 (16 bytes)
1703969827.874664 sending message 105 to peer 0x55fc86d9ee70 (53 bytes)
1703969827.874666 sending message 105 to peer 0x55fc86d9ee70 (62 bytes)
1703969827.874669 sending message 105 to peer 0x55fc86d9ee70 (41 bytes)
1703969827.874671 sending message 105 to peer 0x55fc86d9ee70 (19 bytes)
1703969827.874673 sending message 105 to peer 0x55fc86d9ee70 (32 bytes)
1703969827.874676 sending message 105 to peer 0x55fc86d9ee70 (30 bytes)
1703969827.874678 sending message 105 to peer 0x55fc86d9ee70 (30 bytes)
1703969827.874680 sending message 105 to peer 0x55fc86d9ee70 (35 bytes)
1703969827.874683 sending message 105 to peer 0x55fc86d9ee70 (39 bytes)
1703969827.874685 sending message 105 to peer 0x55fc86d9ee70 (43 bytes)
1703969827.874688 sending message 105 to peer 0x55fc86d9ee70 (38 bytes)
1703969827.874690 sending message 105 to peer 0x55fc86d9ee70 (32 bytes)
1703969827.874692 sending message 105 to peer 0x55fc86d9ee70 (53 bytes)
1703969827.874695 sending message 105 to peer 0x55fc86d9ee70 (36 bytes)
1703969827.874697 sending message 105 to peer 0x55fc86d9ee70 (11 bytes)
1703969827.874699 sending message 105 to peer 0x55fc86d9ee70 (60 bytes)
1703969827.874702 sending message 105 to peer 0x55fc86d9ee70 (22 bytes)
1703969827.874704 sending message 106 to peer 0x55fc86d9ee70 (0 bytes)
1703969827.874707 sending message 200 to peer 0x55fc86d9ee70 (4 bytes)
1703969827.874709 client loop enter
1703969827.875117 peer 0x55fc86d9ee70 message 211
1703969827.875126 client_write: sessions should be nested with care, unset $TMUX to force\n
1703969827.875134 peer 0x55fc86d9ee70 message 203
1703969827.875137 client loop exit
